This is LuaHBTeX, Version 1.24.0 (TeX Live 2026)  (format=lualatex 2026.4.13)  8 MAY 2026 15:11
 restricted system commands enabled.
**smbh_main.tex
(./smbh_main.tex
LaTeX2e <2025-11-01>
L3 programming layer <2026-03-20>
Lua module: luaotfload 2024-12-03 v3.29 Lua based OpenType font support
Lua module: lualibs 2023-07-13 v2.76 ConTeXt Lua standard libraries.
Lua module: lualibs-extended 2023-07-13 v2.76 ConTeXt Lua libraries -- extended 
collection.
luaotfload | conf : Root cache directory is "/Users/eartigau/Library/texlive/202
6basic/texmf-var/luatex-cache/generic/names".
luaotfload | init : Loading fontloader "fontloader-2023-12-28.lua" from kpse-res
olved path "/usr/local/texlive/2026basic/texmf-dist/tex/luatex/luaotfload/fontlo
ader-2023-12-28.lua".
Lua-only attribute luaotfload@noligature = 1
luaotfload | init : Context OpenType loader version 3.134
Inserting `luaotfload.node_processor' in `pre_linebreak_filter'.
Inserting `luaotfload.node_processor' in `hpack_filter'.
Inserting `luaotfload.glyph_stream' in `glyph_stream_provider'.
Inserting `luaotfload.define_font' in `define_font'.
Lua-only attribute luaotfload_color_attribute = 2
luaotfload | conf : Root cache directory is "/Users/eartigau/Library/texlive/202
6basic/texmf-var/luatex-cache/generic/names".
Inserting `luaotfload.harf.strip_prefix' in `find_opentype_file'.
Inserting `luaotfload.harf.strip_prefix' in `find_truetype_file'.
Removing  `luaotfload.glyph_stream' from `glyph_stream_provider'.
Inserting `luaotfload.harf.glyphstream' in `glyph_stream_provider'.
Inserting `luaotfload.harf.finalize_vlist' in `post_linebreak_filter'.
Inserting `luaotfload.harf.finalize_hlist' in `hpack_filter'.
Inserting `luaotfload.cleanup_files' in `wrapup_run'.
Inserting `luaotfload.harf.finalize_unicode' in `finish_pdffile'.
Inserting `luaotfload.glyphinfo' in `glyph_info'.
Lua-only attribute luaotfload.letterspace_done = 3
Inserting `luaotfload.aux.set_sscale_dimens' in `luaotfload.patch_font'.
Inserting `luaotfload.aux.set_font_index' in `luaotfload.patch_font'.
Inserting `luaotfload.aux.patch_cambria_domh' in `luaotfload.patch_font'.
Inserting `luaotfload.aux.fixup_fontdata' in `luaotfload.patch_font_unsafe'.
Inserting `luaotfload.aux.set_capheight' in `luaotfload.patch_font'.
Inserting `luaotfload.aux.set_xheight' in `luaotfload.patch_font'.
Inserting `luaotfload.rewrite_fontname' in `luaotfload.patch_font'.
Inserting `tracingstacklevels' in `input_level_string'. (/usr/local/texlive/202
6basic/texmf-dist/tex/latex/base/report.cls
Document Class: report 2025/01/22 v1.4n Standard LaTeX document class
(/usr/local/texlive/2026basic/texmf-dist/tex/latex/base/size12.clo
File: size12.clo 2025/01/22 v1.4n Standard LaTeX file (size option)
luaotfload | db : Font names database loaded from /Users/eartigau/Library/texliv
e/2026basic/texmf-var/luatex-cache/generic/names/luaotfload-names.luc.gz)
\c@part=\count273
\c@chapter=\count274
\c@section=\count275
\c@subsection=\count276
\c@subsubsection=\count277
\c@paragraph=\count278
\c@subparagraph=\count279
\c@figure=\count280
\c@table=\count281
\abovecaptionskip=\skip49
\belowcaptionskip=\skip50
\bibindent=\dimen149
)
(/usr/local/texlive/2026basic/texmf-dist/tex/latex/geometry/geometry.sty
Package: geometry 2026/03/07 v6.0 Page Geometry

(/usr/local/texlive/2026basic/texmf-dist/tex/latex/graphics/keyval.sty
Package: keyval 2022/05/29 v1.15 key=value parser (DPC)
\KV@toks@=\toks17
)
(/usr/local/texlive/2026basic/texmf-dist/tex/generic/iftex/ifvtex.sty
Package: ifvtex 2019/10/25 v1.7 ifvtex legacy package. Use iftex instead.

(/usr/local/texlive/2026basic/texmf-dist/tex/generic/iftex/iftex.sty
Package: iftex 2024/12/12 v1.0g TeX engine tests
))
\Gm@cnth=\count282
\Gm@cntv=\count283
\c@Gm@tempcnt=\count284
\Gm@bindingoffset=\dimen150
\Gm@wd@mp=\dimen151
\Gm@odd@mp=\dimen152
\Gm@even@mp=\dimen153
\Gm@layoutwidth=\dimen154
\Gm@layoutheight=\dimen155
\Gm@layouthoffset=\dimen156
\Gm@layoutvoffset=\dimen157
\Gm@dimlist=\toks18
)
(/usr/local/texlive/2026basic/texmf-dist/tex/latex/fontspec/fontspec.sty
(/usr/local/texlive/2026basic/texmf-dist/tex/latex/l3packages/xparse/xparse.sty
(/usr/local/texlive/2026basic/texmf-dist/tex/latex/l3kernel/expl3.sty
Package: expl3 2026-03-20 L3 programming layer (loader) 

(/usr/local/texlive/2026basic/texmf-dist/tex/latex/l3backend/l3backend-luatex.d
ef
File: l3backend-luatex.def 2026-02-18 L3 backend support: PDF output (LuaTeX)
\l__color_backend_stack_int=\count285
Inserting `l3color' in `luaotfload.parse_color'.))
Package: xparse 2025-10-09 L3 Experimental document command parser
)
Package: fontspec 2025/09/29 v2.9g Font selection for XeLaTeX and LuaLaTeX
Lua module: fontspec 2025/09/29 v2.9g Font selection for XeLaTeX and LuaLaTeX
(/usr/local/texlive/2026basic/texmf-dist/tex/latex/fontspec/fontspec-luatex.sty
Package: fontspec-luatex 2025/09/29 v2.9g Font selection for XeLaTeX and LuaLaT
eX
\l__fontspec_script_int=\count286
\l__fontspec_language_int=\count287
\l__fontspec_strnum_int=\count288
\l__fontspec_tmp_int=\count289
\l__fontspec_tmpa_int=\count290
\l__fontspec_tmpb_int=\count291
\l__fontspec_tmpc_int=\count292
\l__fontspec_em_int=\count293
\l__fontspec_emdef_int=\count294
\l__fontspec_strong_int=\count295
\l__fontspec_strongdef_int=\count296
\l__fontspec_tmpa_dim=\dimen158
\l__fontspec_tmpb_dim=\dimen159
\l__fontspec_tmpc_dim=\dimen160
(/usr/local/texlive/2026basic/texmf-dist/tex/latex/base/fontenc.sty
Package: fontenc 2025/07/18 v2.1d Standard LaTeX package
)
(/usr/local/texlive/2026basic/texmf-dist/tex/latex/fontspec/fontspec.cfg)))
(/usr/local/texlive/2026basic/texmf-dist/tex/latex/microtype/microtype.sty
Package: microtype 2026/03/01 v3.2d Micro-typographical refinements (RS)

(/usr/local/texlive/2026basic/texmf-dist/tex/latex/etoolbox/etoolbox.sty
Package: etoolbox 2025/10/02 v2.5m e-TeX tools for LaTeX (JAW)
\etb@tempcnta=\count297
)
\MT@toks=\toks19
\MT@tempbox=\box53
\MT@count=\count298
LaTeX Info: Redefining \noprotrusionifhmode on input line 1084.
LaTeX Info: Redefining \leftprotrusion on input line 1085.
\MT@prot@toks=\toks20
LaTeX Info: Redefining \rightprotrusion on input line 1104.
LaTeX Info: Redefining \textls on input line 1449.
\MT@outer@kern=\dimen161
LaTeX Info: Redefining \microtypecontext on input line 2053.
LaTeX Info: Redefining \textmicrotypecontext on input line 2070.
\MT@listname@count=\count299

(/usr/local/texlive/2026basic/texmf-dist/tex/latex/microtype/microtype-luatex.d
ef
File: microtype-luatex.def 2026/03/01 v3.2d Definitions specific to luatex (RS)

Lua module: microtype 2026/03/01 v3.2d microtype module.
Module microtype Info: overwriting function `keepligature' on input line 63
LaTeX Info: Redefining \lsstyle on input line 779.
LaTeX Info: Redefining \lslig on input line 779.
\MT@outer@space=\skip51
)
Package microtype Info: Loading configuration file microtype.cfg.
 (/usr/local/texlive/2026basic/texmf-dist/tex/latex/microtype/microtype.cfg
File: microtype.cfg 2026/03/01 v3.2d microtype main configuration file (RS)
)
LaTeX Info: Redefining \microtypesetup on input line 3065.
) (/usr/local/texlive/2026basic/texmf-dist/tex/latex/setspace/setspace.sty
Package: setspace 2022/12/04 v6.7b set line spacing
)
(/usr/local/texlive/2026basic/texmf-dist/tex/latex/parskip/parskip.sty
Package: parskip 2021-03-14 v2.0h non-zero parskip adjustments

(/usr/local/texlive/2026basic/texmf-dist/tex/latex/kvoptions/kvoptions.sty
Package: kvoptions 2022-06-15 v3.15 Key value format for package options (HO)

(/usr/local/texlive/2026basic/texmf-dist/tex/generic/ltxcmds/ltxcmds.sty
Package: ltxcmds 2023-12-04 v1.26 LaTeX kernel commands for general use (HO)
)
(/usr/local/texlive/2026basic/texmf-dist/tex/latex/kvsetkeys/kvsetkeys.sty
Package: kvsetkeys 2022-10-05 v1.19 Key value parser (HO)
)))
(/usr/local/texlive/2026basic/texmf-dist/tex/latex/xcolor/xcolor.sty
Package: xcolor 2024/09/29 v3.02 LaTeX color extensions (UK)

(/usr/local/texlive/2026basic/texmf-dist/tex/latex/graphics-cfg/color.cfg
File: color.cfg 2016/01/02 v1.6 sample color configuration
)
Package xcolor Info: Driver file: luatex.def on input line 274.

(/usr/local/texlive/2026basic/texmf-dist/tex/latex/graphics-def/luatex.def
File: luatex.def 2025/09/29 v1.2f Graphics/color driver for luatex
)
(/usr/local/texlive/2026basic/texmf-dist/tex/latex/graphics/mathcolor.ltx)
Package xcolor Info: Model `cmy' substituted by `cmy0' on input line 1349.
Package xcolor Info: Model `hsb' substituted by `rgb' on input line 1353.
Package xcolor Info: Model `RGB' extended on input line 1365.
Package xcolor Info: Model `HTML' substituted by `rgb' on input line 1367.
Package xcolor Info: Model `Hsb' substituted by `hsb' on input line 1368.
Package xcolor Info: Model `tHsb' substituted by `hsb' on input line 1369.
Package xcolor Info: Model `HSB' substituted by `hsb' on input line 1370.
Package xcolor Info: Model `Gray' substituted by `gray' on input line 1371.
Package xcolor Info: Model `wave' substituted by `hsb' on input line 1372.
)
(/usr/local/texlive/2026basic/texmf-dist/tex/latex/colortbl/colortbl.sty
Package: colortbl 2024/10/29 v1.0k Color table columns (DPC)

(/usr/local/texlive/2026basic/texmf-dist/tex/latex/tools/array.sty
Package: array 2025/09/25 v2.6n Tabular extension package (FMi)
\col@sep=\dimen162
\ar@mcellbox=\box54
\extrarowheight=\dimen163
\NC@list=\toks21
\extratabsurround=\skip52
\backup@length=\skip53
\ar@cellbox=\box55
)
\everycr=\toks22
\minrowclearance=\skip54
\rownum=\count300
)
(/usr/local/texlive/2026basic/texmf-dist/tex/latex/graphics/dvipsnam.def
File: dvipsnam.def 2016/06/17 v3.0m Driver-dependent file (DPC,SPQR)
)
(/usr/local/texlive/2026basic/texmf-dist/tex/latex/graphics/graphicx.sty
Package: graphicx 2024/12/31 v1.2e Enhanced LaTeX Graphics (DPC,SPQR)

(/usr/local/texlive/2026basic/texmf-dist/tex/latex/graphics/graphics.sty
Package: graphics 2024/08/06 v1.4g Standard LaTeX Graphics (DPC,SPQR)

(/usr/local/texlive/2026basic/texmf-dist/tex/latex/graphics/trig.sty
Package: trig 2023/12/02 v1.11 sin cos tan (DPC)
)
(/usr/local/texlive/2026basic/texmf-dist/tex/latex/graphics-cfg/graphics.cfg
File: graphics.cfg 2016/06/04 v1.11 sample graphics configuration
)
Package graphics Info: Driver file: luatex.def on input line 106.
)
\Gin@req@height=\dimen164
\Gin@req@width=\dimen165
) (/usr/local/texlive/2026basic/texmf-dist/tex/latex/booktabs/booktabs.sty
Package: booktabs 2020/01/12 v1.61803398 Publication quality tables
\heavyrulewidth=\dimen166
\lightrulewidth=\dimen167
\cmidrulewidth=\dimen168
\belowrulesep=\dimen169
\belowbottomsep=\dimen170
\aboverulesep=\dimen171
\abovetopsep=\dimen172
\cmidrulesep=\dimen173
\cmidrulekern=\dimen174
\defaultaddspace=\dimen175
\@cmidla=\count301
\@cmidlb=\count302
\@aboverulesep=\dimen176
\@belowrulesep=\dimen177
\@thisruleclass=\count303
\@lastruleclass=\count304
\@thisrulewidth=\dimen178
)
(/usr/local/texlive/2026basic/texmf-dist/tex/latex/tools/longtable.sty
Package: longtable 2025-10-13 v4.24 Multi-page Table package (DPC)
\LTleft=\skip55
\LTright=\skip56
\LTpre=\skip57
\LTpost=\skip58
\LTchunksize=\count305
\LTcapwidth=\dimen179
\LT@head=\box56
\LT@firsthead=\box57
\LT@foot=\box58
\LT@lastfoot=\box59
\LT@gbox=\box60
\LT@cols=\count306
\LT@rows=\count307
\c@LT@tables=\count308
\c@LT@chunks=\count309
\LT@p@ftn=\toks23
)
(/usr/local/texlive/2026basic/texmf-dist/tex/latex/tools/tabularx.sty
Package: tabularx 2023/12/11 v2.12a `tabularx' package (DPC)
\TX@col@width=\dimen180
\TX@old@table=\dimen181
\TX@old@col=\dimen182
\TX@target=\dimen183
\TX@delta=\dimen184
\TX@cols=\count310
\TX@ftn=\toks24
)
(/usr/local/texlive/2026basic/texmf-dist/tex/latex/multirow/multirow.sty
Package: multirow 2024/11/12 v2.9 Span multiple rows of a table
\multirow@colwidth=\skip59
\multirow@cntb=\count311
\multirow@dima=\skip60
\bigstrutjot=\dimen185
)
(/usr/local/texlive/2026basic/texmf-dist/tex/latex/tools/hhline.sty
Package: hhline 2020/01/04 v2.04 Table rule package (DPC)
)
(/usr/local/texlive/2026basic/texmf-dist/tex/latex/ragged2e/ragged2e.sty
Package: ragged2e 2023/06/22 v3.6 ragged2e Package
\CenteringLeftskip=\skip61
\RaggedLeftLeftskip=\skip62
\RaggedRightLeftskip=\skip63
\CenteringRightskip=\skip64
\RaggedLeftRightskip=\skip65
\RaggedRightRightskip=\skip66
\CenteringParfillskip=\skip67
\RaggedLeftParfillskip=\skip68
\RaggedRightParfillskip=\skip69
\JustifyingParfillskip=\skip70
\CenteringParindent=\skip71
\RaggedLeftParindent=\skip72
\RaggedRightParindent=\skip73
\JustifyingParindent=\skip74
)
(/usr/local/texlive/2026basic/texmf-dist/tex/latex/hyperref/hyperref.sty
Package: hyperref 2026-01-29 v7.01p Hypertext links for LaTeX

(/usr/local/texlive/2026basic/texmf-dist/tex/generic/kvdefinekeys/kvdefinekeys.
sty
Package: kvdefinekeys 2019-12-19 v1.6 Define keys (HO)
)
(/usr/local/texlive/2026basic/texmf-dist/tex/generic/pdfescape/pdfescape.sty
Package: pdfescape 2019/12/09 v1.15 Implements pdfTeX's escape features (HO)

(/usr/local/texlive/2026basic/texmf-dist/tex/generic/pdftexcmds/pdftexcmds.sty
Package: pdftexcmds 2020-06-27 v0.33 Utility functions of pdfTeX for LuaTeX (HO
)

(/usr/local/texlive/2026basic/texmf-dist/tex/generic/infwarerr/infwarerr.sty
Package: infwarerr 2019/12/03 v1.5 Providing info/warning/error messages (HO)
)
Package pdftexcmds Info: \pdf@primitive is available.
Package pdftexcmds Info: \pdf@ifprimitive is available.
Package pdftexcmds Info: \pdfdraftmode found.
\pdftexcmds@toks=\toks25
)) (/usr/local/texlive/2026basic/texmf-dist/tex/latex/hycolor/hycolor.sty
Package: hycolor 2020-01-27 v1.10 Color options for hyperref/bookmark (HO)
)
(/usr/local/texlive/2026basic/texmf-dist/tex/latex/hyperref/nameref.sty
Package: nameref 2026-01-29 v2.58 Cross-referencing by name of section

(/usr/local/texlive/2026basic/texmf-dist/tex/latex/refcount/refcount.sty
Package: refcount 2019/12/15 v3.6 Data extraction from label references (HO)
)
(/usr/local/texlive/2026basic/texmf-dist/tex/generic/gettitlestring/gettitlestr
ing.sty
Package: gettitlestring 2019/12/15 v1.6 Cleanup title references (HO)
)
\c@section@level=\count312
)
(/usr/local/texlive/2026basic/texmf-dist/tex/generic/stringenc/stringenc.sty
Package: stringenc 2019/11/29 v1.12 Convert strings between diff. encodings (HO
)
)
\@linkdim=\dimen186
\Hy@linkcounter=\count313
\Hy@pagecounter=\count314

(/usr/local/texlive/2026basic/texmf-dist/tex/latex/hyperref/pd1enc.def
File: pd1enc.def 2026-01-29 v7.01p Hyperref: PDFDocEncoding definition (HO)
)
(/usr/local/texlive/2026basic/texmf-dist/tex/generic/intcalc/intcalc.sty
Package: intcalc 2019/12/15 v1.3 Expandable calculations with integers (HO)
)
\Hy@SavedSpaceFactor=\count315

(/usr/local/texlive/2026basic/texmf-dist/tex/latex/hyperref/puenc.def
File: puenc.def 2026-01-29 v7.01p Hyperref: PDF Unicode definition (HO)
)
Package hyperref Info: Hyper figures OFF on input line 4201.
Package hyperref Info: Link nesting OFF on input line 4206.
Package hyperref Info: Hyper index ON on input line 4209.
Package hyperref Info: Plain pages OFF on input line 4216.
Package hyperref Info: Backreferencing OFF on input line 4221.
Package hyperref Info: Implicit mode ON; LaTeX internals redefined.
Package hyperref Info: Bookmarks ON on input line 4468.
\c@Hy@tempcnt=\count316

(/usr/local/texlive/2026basic/texmf-dist/tex/latex/url/url.sty
\Urlmuskip=\muskip17
Package: url 2013/09/16  ver 3.4  Verb mode for urls, etc.
)
LaTeX Info: Redefining \url on input line 4807.
\XeTeXLinkMargin=\dimen187

(/usr/local/texlive/2026basic/texmf-dist/tex/generic/bitset/bitset.sty
Package: bitset 2019/12/09 v1.3 Handle bit-vector datatype (HO)

(/usr/local/texlive/2026basic/texmf-dist/tex/generic/bigintcalc/bigintcalc.sty
Package: bigintcalc 2019/12/15 v1.5 Expandable calculations on big integers (HO
)
))
\Fld@menulength=\count317
\Field@Width=\dimen188
\Fld@charsize=\dimen189
Package hyperref Info: Hyper figures OFF on input line 6084.
Package hyperref Info: Link nesting OFF on input line 6089.
Package hyperref Info: Hyper index ON on input line 6092.
Package hyperref Info: backreferencing OFF on input line 6099.
Package hyperref Info: Link coloring OFF on input line 6104.
Package hyperref Info: Link coloring with OCG OFF on input line 6109.
Package hyperref Info: PDF/A mode OFF on input line 6114.
\Hy@abspage=\count318
\c@Item=\count319
\c@Hfootnote=\count320
)
Package hyperref Info: Driver (autodetected): hluatex.
 (/usr/local/texlive/2026basic/texmf-dist/tex/latex/hyperref/hluatex.def
File: hluatex.def 2026-01-29 v7.01p Hyperref driver for luaTeX
\Fld@listcount=\count321
\c@bookmark@seq@number=\count322

(/usr/local/texlive/2026basic/texmf-dist/tex/latex/rerunfilecheck/rerunfilechec
k.sty
Package: rerunfilecheck 2025-06-21 v1.11 Rerun checks for auxiliary files (HO)

(/usr/local/texlive/2026basic/texmf-dist/tex/generic/uniquecounter/uniquecounte
r.sty
Package: uniquecounter 2019/12/15 v1.4 Provide unlimited unique counter (HO)
)
Package uniquecounter Info: New unique counter `rerunfilecheck' on input line 2
84.
)
\Hy@SectionHShift=\skip75
)
(/usr/local/texlive/2026basic/texmf-dist/tex/latex/fancyhdr/fancyhdr.sty
Package: fancyhdr 2025/02/07 v5.2 Extensive control of page headers and footers

\f@nch@headwidth=\skip76
\f@nch@offset@elh=\skip77
\f@nch@offset@erh=\skip78
\f@nch@offset@olh=\skip79
\f@nch@offset@orh=\skip80
\f@nch@offset@elf=\skip81
\f@nch@offset@erf=\skip82
\f@nch@offset@olf=\skip83
\f@nch@offset@orf=\skip84
\f@nch@height=\skip85
\f@nch@footalignment=\skip86
\f@nch@widthL=\skip87
\f@nch@widthC=\skip88
\f@nch@widthR=\skip89
\@temptokenb=\toks26
)
(/usr/local/texlive/2026basic/texmf-dist/tex/latex/eso-pic/eso-pic.sty
Package: eso-pic 2025/12/10 v3.0d eso-pic (RN)
\ESO@tempdima=\dimen190
\ESO@tempdimb=\dimen191
)
luaotfload | cache : Lookup cache loaded from /Users/eartigau/Library/texlive/20
26basic/texmf-var/luatex-cache/generic/names/luaotfload-lookup-cache.luc.

Package fontspec Info: 
(fontspec)             Font family 'Palatino(0)' created for font 'Palatino'
(fontspec)             with options [Ligatures=TeX].
(fontspec)              
(fontspec)              This font family consists of the following NFSS
(fontspec)             series/shapes:
(fontspec)              
(fontspec)             - 'normal' (m/n) with NFSS spec.:
(fontspec)             <->"name:Palatino:mode=node;language=dflt;+tlig;"
(fontspec)             - 'bold' (b/n) with NFSS spec.:
(fontspec)             <->"name:Palatino/B:mode=node;language=dflt;+tlig;"
(fontspec)             - 'italic' (m/it) with NFSS spec.:
(fontspec)             <->"name:Palatino/I:mode=node;language=dflt;+tlig;"
(fontspec)             - 'bold italic' (b/it) with NFSS spec.:
(fontspec)             <->"name:Palatino/BI:mode=node;language=dflt;+tlig;"


Package fontspec Info: 
(fontspec)             Font family 'AvenirNext(0)' created for font 'Avenir
(fontspec)             Next' with options [Ligatures=TeX].
(fontspec)              
(fontspec)              This font family consists of the following NFSS
(fontspec)             series/shapes:
(fontspec)              
(fontspec)             - 'normal' (m/n) with NFSS spec.: <->"name:Avenir
(fontspec)             Next:mode=node;script=latn;language=dflt;+tlig;"
(fontspec)             - 'small caps'  (m/sc) with NFSS spec.: <->"name:Avenir
(fontspec)             Next:mode=node;script=latn;language=dflt;+tlig;+smcp;"
(fontspec)             - 'bold' (b/n) with NFSS spec.: <->"name:Avenir
(fontspec)             Next/B:mode=node;script=latn;language=dflt;+tlig;"
(fontspec)             - 'bold small caps'  (b/sc) with NFSS spec.:
(fontspec)             <->"name:Avenir
(fontspec)             Next/B:mode=node;script=latn;language=dflt;+tlig;+smcp;"

(fontspec)             - 'italic' (m/it) with NFSS spec.: <->"name:Avenir
(fontspec)             Next/I:mode=node;script=latn;language=dflt;+tlig;"
(fontspec)             - 'italic small caps'  (m/scit) with NFSS spec.:
(fontspec)             <->"name:Avenir
(fontspec)             Next/I:mode=node;script=latn;language=dflt;+tlig;+smcp;"

(fontspec)             - 'bold italic' (b/it) with NFSS spec.: <->"name:Avenir
(fontspec)             Next/BI:mode=node;script=latn;language=dflt;+tlig;"
(fontspec)             - 'bold italic small caps'  (b/scit) with NFSS spec.:
(fontspec)             <->"name:Avenir
(fontspec)             Next/BI:mode=node;script=latn;language=dflt;+tlig;+smcp;
"

Package hyperref Info: Option `colorlinks' set `true' on input line 77.


! LaTeX Error: Command \smbhstarfield already defined.
               Or name \end... illegal, see p.192 of the manual.

See the LaTeX manual or LaTeX Companion for explanation.
Type  H <return>  for immediate help.
 ...                                              
                                                  
l.240 }
       
Your command was ignored.
Type  I <command> <return>  to replace it with another command,
or  <return>  to continue without it.


! LaTeX Error: Command \smbhastrocorner already defined.
               Or name \end... illegal, see p.192 of the manual.

See the LaTeX manual or LaTeX Companion for explanation.
Type  H <return>  for immediate help.
 ...                                              
                                                  
l.265 }
       
Your command was ignored.
Type  I <command> <return>  to replace it with another command,
or  <return>  to continue without it.


! LaTeX Error: Command \smbhastrolowerleft already defined.
               Or name \end... illegal, see p.192 of the manual.

See the LaTeX manual or LaTeX Companion for explanation.
Type  H <return>  for immediate help.
 ...                                              
                                                  
l.288 }
       
Your command was ignored.
Type  I <command> <return>  to replace it with another command,
or  <return>  to continue without it.


! LaTeX Error: Command \enablesmbhastrobackground already defined.
               Or name \end... illegal, see p.192 of the manual.

See the LaTeX manual or LaTeX Companion for explanation.
Type  H <return>  for immediate help.
 ...                                              
                                                  
l.295 }
       
Your command was ignored.
Type  I <command> <return>  to replace it with another command,
or  <return>  to continue without it.

(./smbh_main.aux)
\openout1 = smbh_main.aux

LaTeX Font Info:    Checking defaults for OML/cmm/m/it on input line 331.
LaTeX Font Info:    ... okay on input line 331.
LaTeX Font Info:    Checking defaults for OMS/cmsy/m/n on input line 331.
LaTeX Font Info:    ... okay on input line 331.
LaTeX Font Info:    Checking defaults for OT1/cmr/m/n on input line 331.
LaTeX Font Info:    ... okay on input line 331.
LaTeX Font Info:    Checking defaults for T1/cmr/m/n on input line 331.
LaTeX Font Info:    ... okay on input line 331.
LaTeX Font Info:    Checking defaults for TS1/cmr/m/n on input line 331.
LaTeX Font Info:    ... okay on input line 331.
LaTeX Font Info:    Checking defaults for TU/lmr/m/n on input line 331.
LaTeX Font Info:    ... okay on input line 331.
LaTeX Font Info:    Checking defaults for OMX/cmex/m/n on input line 331.
LaTeX Font Info:    ... okay on input line 331.
LaTeX Font Info:    Checking defaults for U/cmr/m/n on input line 331.
LaTeX Font Info:    ... okay on input line 331.
LaTeX Font Info:    Checking defaults for PD1/pdf/m/n on input line 331.
LaTeX Font Info:    ... okay on input line 331.
LaTeX Font Info:    Checking defaults for PU/pdf/m/n on input line 331.
LaTeX Font Info:    ... okay on input line 331.

*geometry* driver: auto-detecting
*geometry* detected driver: luatex
*geometry* verbose mode - [ preamble ] result:
* driver: luatex
* paper: letterpaper
* layout: <same size as paper>
* layoutoffset:(h,v)=(0.0pt,0.0pt)
* modes: 
* h-part:(L,W,R)=(72.26999pt, 469.75502pt, 72.26999pt)
* v-part:(T,H,B)=(72.26999pt, 650.43001pt, 72.26999pt)
* \paperwidth=614.295pt
* \paperheight=794.96999pt
* \textwidth=469.75502pt
* \textheight=650.43001pt
* \oddsidemargin=0.0pt
* \evensidemargin=0.0pt
* \topmargin=-37.0pt
* \headheight=25.0pt
* \headsep=25.0pt
* \topskip=12.0pt
* \footskip=30.0pt
* \marginparwidth=44.0pt
* \marginparsep=10.0pt
* \columnsep=10.0pt
* \skip\footins=10.8pt plus 4.0pt minus 2.0pt
* \hoffset=0.0pt
* \voffset=0.0pt
* \mag=1000
* \@twocolumnfalse
* \@twosidefalse
* \@mparswitchfalse
* \@reversemarginfalse
* (1in=72.27pt=25.4mm, 1cm=28.453pt)


Package fontspec Info: 
(fontspec)             Adjusting the maths setup (use [no-math] to avoid
(fontspec)             this).

\symlegacymaths=\mathgroup4
LaTeX Font Info:    Overwriting symbol font `legacymaths' in version `bold'
(Font)                  OT1/cmr/m/n --> OT1/cmr/bx/n on input line 331.
LaTeX Font Info:    Redeclaring math accent \acute on input line 331.
LaTeX Font Info:    Redeclaring math accent \grave on input line 331.
LaTeX Font Info:    Redeclaring math accent \ddot on input line 331.
LaTeX Font Info:    Redeclaring math accent \tilde on input line 331.
LaTeX Font Info:    Redeclaring math accent \bar on input line 331.
LaTeX Font Info:    Redeclaring math accent \breve on input line 331.
LaTeX Font Info:    Redeclaring math accent \check on input line 331.
LaTeX Font Info:    Redeclaring math accent \hat on input line 331.
LaTeX Font Info:    Redeclaring math accent \dot on input line 331.
LaTeX Font Info:    Redeclaring math accent \mathring on input line 331.
LaTeX Font Info:    Redeclaring math symbol \colon on input line 331.
LaTeX Font Info:    Redeclaring math symbol \Gamma on input line 331.
LaTeX Font Info:    Redeclaring math symbol \Delta on input line 331.
LaTeX Font Info:    Redeclaring math symbol \Theta on input line 331.
LaTeX Font Info:    Redeclaring math symbol \Lambda on input line 331.
LaTeX Font Info:    Redeclaring math symbol \Xi on input line 331.
LaTeX Font Info:    Redeclaring math symbol \Pi on input line 331.
LaTeX Font Info:    Redeclaring math symbol \Sigma on input line 331.
LaTeX Font Info:    Redeclaring math symbol \Upsilon on input line 331.
LaTeX Font Info:    Redeclaring math symbol \Phi on input line 331.
LaTeX Font Info:    Redeclaring math symbol \Psi on input line 331.
LaTeX Font Info:    Redeclaring math symbol \Omega on input line 331.
LaTeX Font Info:    Redeclaring math symbol \mathdollar on input line 331.
LaTeX Font Info:    Redeclaring symbol font `operators' on input line 331.
LaTeX Font Info:    Encoding `OT1' has changed to `TU' for symbol font
(Font)              `operators' in the math version `normal' on input line 331.

LaTeX Font Info:    Overwriting symbol font `operators' in version `normal'
(Font)                  OT1/cmr/m/n --> TU/Palatino(0)/m/n on input line 331.
LaTeX Font Info:    Encoding `OT1' has changed to `TU' for symbol font
(Font)              `operators' in the math version `bold' on input line 331.
LaTeX Font Info:    Overwriting symbol font `operators' in version `bold'
(Font)                  OT1/cmr/bx/n --> TU/Palatino(0)/m/n on input line 331.
LaTeX Font Info:    Overwriting symbol font `operators' in version `normal'
(Font)                  TU/Palatino(0)/m/n --> TU/Palatino(0)/m/n on input line
 331.
LaTeX Font Info:    Overwriting math alphabet `\mathit' in version `normal'
(Font)                  OT1/cmr/m/it --> TU/Palatino(0)/m/it on input line 331.

LaTeX Font Info:    Overwriting math alphabet `\mathbf' in version `normal'
(Font)                  OT1/cmr/bx/n --> TU/Palatino(0)/b/n on input line 331.
LaTeX Font Info:    Overwriting math alphabet `\mathsf' in version `normal'
(Font)                  OT1/cmss/m/n --> TU/AvenirNext(0)/m/n on input line 331
.
LaTeX Font Info:    Overwriting math alphabet `\mathtt' in version `normal'
(Font)                  OT1/cmtt/m/n --> TU/lmtt/m/n on input line 331.
LaTeX Font Info:    Overwriting symbol font `operators' in version `bold'
(Font)                  TU/Palatino(0)/m/n --> TU/Palatino(0)/b/n on input line
 331.
LaTeX Font Info:    Overwriting math alphabet `\mathit' in version `bold'
(Font)                  OT1/cmr/bx/it --> TU/Palatino(0)/b/it on input line 331
.
LaTeX Font Info:    Overwriting math alphabet `\mathsf' in version `bold'
(Font)                  OT1/cmss/bx/n --> TU/AvenirNext(0)/b/n on input line 33
1.
LaTeX Font Info:    Overwriting math alphabet `\mathtt' in version `bold'
(Font)                  OT1/cmtt/m/n --> TU/lmtt/b/n on input line 331.
LaTeX Info: Redefining \microtypecontext on input line 331.
Package microtype Info: Applying patch `item' on input line 331.
Package microtype Info: Applying patch `toc' on input line 331.
Package microtype Info: Applying patch `eqnum' on input line 331.
Package microtype Info: Applying patch `footnote' on input line 331.
Package microtype Info: Applying patch `verbatim' on input line 331.
LaTeX Info: Redefining \microtypesetup on input line 331.
Package microtype Info: Generating PDF output.
Package microtype Info: Character protrusion enabled (level 2).
Package microtype Info: Using default protrusion set `alltext'.
Package microtype Info: Automatic font expansion enabled (level 2),
(microtype)             stretch: 20, shrink: 20, step: 1, non-selected.
Package microtype Info: Using default expansion set `alltext-nott'.
Package microtype Info: Patching command `\showhyphens'.
Package microtype Info: No adjustment of tracking.
Package microtype Info: No adjustment of spacing.
Package microtype Info: No adjustment of kerning.
(/usr/local/texlive/2026basic/texmf-dist/tex/latex/microtype/mt-Palatino.cfg
File: mt-Palatino.cfg 2012/03/10 v1.0 microtype config. file: Palatino and simi
lar fonts (LBD)
)
Package microtype Info: Character `textservicemark ' is missing
(microtype)             in font `TU/Palatino(0)/m/n/12'.
(microtype)             Ignoring protrusion settings for this character.
Package microtype Info: Character `‐' is missing
(microtype)             in font `TU/Palatino(0)/m/n/12'.
(microtype)             Ignoring protrusion settings for this character.

(/usr/local/texlive/2026basic/texmf-dist/tex/context/base/mkii/supp-pdf.mkii
[Loading MPS to PDF converter (version 2006.09.02).]
\scratchcounter=\count323
\scratchdimen=\dimen192
\scratchbox=\box61
\nofMPsegments=\count324
\nofMParguments=\count325
\everyMPshowfont=\toks27
\MPscratchCnt=\count326
\MPscratchDim=\dimen193
\MPnumerator=\count327
\makeMPintoPDFobject=\count328
\everyMPtoPDFconversion=\toks28
)
(/usr/local/texlive/2026basic/texmf-dist/tex/latex/epstopdf-pkg/epstopdf-base.s
ty
Package: epstopdf-base 2020-01-24 v2.11 Base part for package epstopdf
Package epstopdf-base Info: Redefining graphics rule for `.eps' on input line 4
85.

(/usr/local/texlive/2026basic/texmf-dist/tex/latex/latexconfig/epstopdf-sys.cfg
File: epstopdf-sys.cfg 2010/07/13 v1.3 Configuration of (r)epstopdf for TeX Liv
e
))
Package hyperref Info: Link coloring ON on input line 331.
 (./smbh_main.out) (./smbh_main.out)
\@outlinefile=\write3

\openout3 = smbh_main.out
Package hyperref Info: Option `pageanchor' set `false' on input line 333.
Package microtype Info: Loading generic protrusion settings for font family
(microtype)             `AvenirNext' (encoding: TU).
(microtype)             For optimal results, create family-specific settings.
(microtype)             See the microtype manual for details.
Package microtype Info: Character `textservicemark ' is missing
(microtype)             in font `TU/Palatino(0)/m/n/14.4'.
(microtype)             Ignoring protrusion settings for this character.
Package microtype Info: Character `‐' is missing
(microtype)             in font `TU/Palatino(0)/m/n/14.4'.
(microtype)             Ignoring protrusion settings for this character.
Package microtype Info: Character `‐' is missing
(microtype)             in font `TU/Palatino(0)/m/it/12'.
(microtype)             Ignoring protrusion settings for this character.
<assets/Symbole_carré-UdeM.png, id=68, 602.25pt x 602.25pt>
File: assets/Symbole_carré-UdeM.png Graphic file (type png)
<use assets/Symbole_carré-UdeM.png>
Package luatex.def Info: assets/Symbole_carré-UdeM.png  used on input line 355
.
(luatex.def)             Requested size: 85.35826pt x 85.35284pt.
 [1

{/usr/local/texlive/2026basic/texmf-var/fonts/map/pdftex/updmap/pdftex.map}<./as
sets/Symbole_carré-UdeM.png>]
Package hyperref Info: Option `pageanchor' set `true' on input line 360.
Package microtype Info: Character `textservicemark ' is missing
(microtype)             in font `TU/Palatino(0)/m/n/8'.
(microtype)             Ignoring protrusion settings for this character.
Package microtype Info: Character `‐' is missing
(microtype)             in font `TU/Palatino(0)/m/n/8'.
(microtype)             Ignoring protrusion settings for this character.
Package microtype Info: Character `textservicemark ' is missing
(microtype)             in font `TU/Palatino(0)/m/n/6'.
(microtype)             Ignoring protrusion settings for this character.
Package microtype Info: Character `‐' is missing
(microtype)             in font `TU/Palatino(0)/m/n/6'.
(microtype)             Ignoring protrusion settings for this character.
LaTeX Font Info:    External font `cmex10' loaded for size
(Font)              <12> on input line 364.
LaTeX Font Info:    External font `cmex10' loaded for size
(Font)              <8> on input line 364.
LaTeX Font Info:    External font `cmex10' loaded for size
(Font)              <6> on input line 364.

(/usr/local/texlive/2026basic/texmf-dist/tex/latex/microtype/mt-cmr.cfg
File: mt-cmr.cfg 2013/05/19 v2.2 microtype config. file: Computer Modern Roman 
(RS)
)
(./smbh_main.toc
Package microtype Info: Character `textservicemark ' is missing
(microtype)             in font `TU/Palatino(0)/b/n/12'.
(microtype)             Ignoring protrusion settings for this character.
Package microtype Info: Character `‐' is missing
(microtype)             in font `TU/Palatino(0)/b/n/12'.
(microtype)             Ignoring protrusion settings for this character.
)
\tf@toc=\write4

\openout4 = smbh_main.toc
 [1

] (./sections/generated_smbh_schedule.tex
Package microtype Info: Character `textservicemark ' is missing
(microtype)             in font `TU/Palatino(0)/m/n/17.28'.
(microtype)             Ignoring protrusion settings for this character.
Package microtype Info: Character `‐' is missing
(microtype)             in font `TU/Palatino(0)/m/n/17.28'.
(microtype)             Ignoring protrusion settings for this character.
Package microtype Info: Character `textservicemark ' is missing
(microtype)             in font `TU/Palatino(0)/m/n/10.95'.
(microtype)             Ignoring protrusion settings for this character.
Package microtype Info: Character `‐' is missing
(microtype)             in font `TU/Palatino(0)/m/n/10.95'.
(microtype)             Ignoring protrusion settings for this character.

Overfull \hbox (5.20576pt too wide) in alignment at lines 13--17
 [][][] 
 []


Overfull \hbox (5.20576pt too wide) in alignment at lines 17--21
 [][][] 
 []


Overfull \hbox (5.20576pt too wide) in alignment at lines 21--36
 [][][] 
 []

ignored: Infinite glue shrinkage found in box being split [1


]
Overfull \hbox (5.20576pt too wide) in alignment at lines 51--55
 [][][] 
 []


Overfull \hbox (5.20576pt too wide) in alignment at lines 55--59
 [][][] 
 []


Overfull \hbox (5.20576pt too wide) in alignment at lines 59--62
 [][][] 
 []


Overfull \hbox (5.20576pt too wide) in alignment at lines 73--77
 [][][] 
 []


Overfull \hbox (5.20576pt too wide) in alignment at lines 77--81
 [][][] 
 []


Overfull \hbox (5.20576pt too wide) in alignment at lines 81--97
 [][][] 
 []

ignored: Infinite glue shrinkage found in box being split
File: assets/Symbole_carré-UdeM.png Graphic file (type png)
<use assets/Symbole_carré-UdeM.png>
Package luatex.def Info: assets/Symbole_carré-UdeM.png  used on input line 97.

(luatex.def)             Requested size: 15.99905pt x 16.0pt.
[2]
Overfull \hbox (5.20576pt too wide) in alignment at lines 112--116
 [][][] 
 []


Overfull \hbox (5.20576pt too wide) in alignment at lines 116--120
 [][][] 
 []


Overfull \hbox (5.20576pt too wide) in alignment at lines 120--132
 [][][] 
 []


Overfull \hbox (5.20576pt too wide) in alignment at lines 143--147
 [][][] 
 []


Overfull \hbox (5.20576pt too wide) in alignment at lines 147--151
 [][][] 
 []


Overfull \hbox (5.20576pt too wide) in alignment at lines 151--154
 [][][] 
 []

File: assets/Symbole_carré-UdeM.png Graphic file (type png)
<use assets/Symbole_carré-UdeM.png>
Package luatex.def Info: assets/Symbole_carré-UdeM.png  used on input line 154
.
(luatex.def)             Requested size: 15.99905pt x 16.0pt.
[3]
Overfull \hbox (5.20576pt too wide) in alignment at lines 169--173
 [][][] 
 []


Overfull \hbox (5.20576pt too wide) in alignment at lines 173--177
 [][][] 
 []


Overfull \hbox (5.20576pt too wide) in alignment at lines 177--191
 [][][] 
 []

File: assets/Symbole_carré-UdeM.png Graphic file (type png)
<use assets/Symbole_carré-UdeM.png>
Package luatex.def Info: assets/Symbole_carré-UdeM.png  used on input line 198
.
(luatex.def)             Requested size: 15.99905pt x 16.0pt.
[4]
Overfull \hbox (5.20576pt too wide) in alignment at lines 206--210
 [][][] 
 []


Overfull \hbox (5.20576pt too wide) in alignment at lines 210--214
 [][][] 
 []


Overfull \hbox (5.20576pt too wide) in alignment at lines 214--220
 [][][] 
 []

)
File: assets/Symbole_carré-UdeM.png Graphic file (type png)
<use assets/Symbole_carré-UdeM.png>
Package luatex.def Info: assets/Symbole_carré-UdeM.png  used on input line 375
.
(luatex.def)             Requested size: 15.99905pt x 16.0pt.
 [5] (./sections/generated_smbh_abstracts.tex
Underfull \hbox (badness 10000) in paragraph at lines 11--12

 []


Underfull \hbox (badness 10000) in paragraph at lines 19--20

 []

[6


]
File: assets/Symbole_carré-UdeM.png Graphic file (type png)
<use assets/Symbole_carré-UdeM.png>
Package luatex.def Info: assets/Symbole_carré-UdeM.png  used on input line 40.

(luatex.def)             Requested size: 15.99905pt x 16.0pt.
 [7]
File: assets/Symbole_carré-UdeM.png Graphic file (type png)
<use assets/Symbole_carré-UdeM.png>
Package luatex.def Info: assets/Symbole_carré-UdeM.png  used on input line 62.

(luatex.def)             Requested size: 15.99905pt x 16.0pt.
 [8]
File: assets/Symbole_carré-UdeM.png Graphic file (type png)
<use assets/Symbole_carré-UdeM.png>
Package luatex.def Info: assets/Symbole_carré-UdeM.png  used on input line 74.

(luatex.def)             Requested size: 15.99905pt x 16.0pt.
 [9]
File: assets/Symbole_carré-UdeM.png Graphic file (type png)
<use assets/Symbole_carré-UdeM.png>
Package luatex.def Info: assets/Symbole_carré-UdeM.png  used on input line 106
.
(luatex.def)             Requested size: 15.99905pt x 16.0pt.
 [10]
File: assets/Symbole_carré-UdeM.png Graphic file (type png)
<use assets/Symbole_carré-UdeM.png>
Package luatex.def Info: assets/Symbole_carré-UdeM.png  used on input line 130
.
(luatex.def)             Requested size: 15.99905pt x 16.0pt.
 [11]
File: assets/Symbole_carré-UdeM.png Graphic file (type png)
<use assets/Symbole_carré-UdeM.png>
Package luatex.def Info: assets/Symbole_carré-UdeM.png  used on input line 142
.
(luatex.def)             Requested size: 15.99905pt x 16.0pt.
 [12]
Underfull \hbox (badness 10000) in paragraph at lines 167--168

 []

File: assets/Symbole_carré-UdeM.png Graphic file (type png)
<use assets/Symbole_carré-UdeM.png>
Package luatex.def Info: assets/Symbole_carré-UdeM.png  used on input line 170
.
(luatex.def)             Requested size: 15.99905pt x 16.0pt.
[13]
Underfull \hbox (badness 10000) in paragraph at lines 175--176

 []


Underfull \hbox (badness 10000) in paragraph at lines 183--184

 []

File: assets/Symbole_carré-UdeM.png Graphic file (type png)
<use assets/Symbole_carré-UdeM.png>
Package luatex.def Info: assets/Symbole_carré-UdeM.png  used on input line 187
.
(luatex.def)             Requested size: 15.99905pt x 16.0pt.
[14]
File: assets/Symbole_carré-UdeM.png Graphic file (type png)
<use assets/Symbole_carré-UdeM.png>
Package luatex.def Info: assets/Symbole_carré-UdeM.png  used on input line 208
.
(luatex.def)             Requested size: 15.99905pt x 16.0pt.
 [15]
File: assets/Symbole_carré-UdeM.png Graphic file (type png)
<use assets/Symbole_carré-UdeM.png>
Package luatex.def Info: assets/Symbole_carré-UdeM.png  used on input line 226
.
(luatex.def)             Requested size: 15.99905pt x 16.0pt.
 [16]
Missing character: There is no ⋆ (U+22C6) in font name:Palatino:mode=node;lang
uage=dflt;+tlig;!
Missing character: There is no ⊙ (U+2299) in font name:Palatino:mode=node;lang
uage=dflt;+tlig;!
Missing character: There is no ⋆ (U+22C6) in font name:Palatino:mode=node;lang
uage=dflt;+tlig;!
Missing character: There is no ⊙ (U+2299) in font name:Palatino:mode=node;lang
uage=dflt;+tlig;!
File: assets/Symbole_carré-UdeM.png Graphic file (type png)
<use assets/Symbole_carré-UdeM.png>
Package luatex.def Info: assets/Symbole_carré-UdeM.png  used on input line 242
.
(luatex.def)             Requested size: 15.99905pt x 16.0pt.
[17]
File: assets/Symbole_carré-UdeM.png Graphic file (type png)
<use assets/Symbole_carré-UdeM.png>
Package luatex.def Info: assets/Symbole_carré-UdeM.png  used on input line 258
.
(luatex.def)             Requested size: 15.99905pt x 16.0pt.
 [18
Missing character: There is no ⋆ (U+22C6) in font name:Palatino:mode=node;lang
uage=dflt;+tlig;!
Missing character: There is no ⊙ (U+2299) in font name:Palatino:mode=node;lang
uage=dflt;+tlig;!
]
File: assets/Symbole_carré-UdeM.png Graphic file (type png)
<use assets/Symbole_carré-UdeM.png>
Package luatex.def Info: assets/Symbole_carré-UdeM.png  used on input line 277
.
(luatex.def)             Requested size: 15.99905pt x 16.0pt.
 [19]
Underfull \hbox (badness 10000) in paragraph at lines 297--298

 []

File: assets/Symbole_carré-UdeM.png Graphic file (type png)
<use assets/Symbole_carré-UdeM.png>
Package luatex.def Info: assets/Symbole_carré-UdeM.png  used on input line 310
.
(luatex.def)             Requested size: 15.99905pt x 16.0pt.
[20]
File: assets/Symbole_carré-UdeM.png Graphic file (type png)
<use assets/Symbole_carré-UdeM.png>
Package luatex.def Info: assets/Symbole_carré-UdeM.png  used on input line 318
.
(luatex.def)             Requested size: 15.99905pt x 16.0pt.
 [21]
File: assets/Symbole_carré-UdeM.png Graphic file (type png)
<use assets/Symbole_carré-UdeM.png>
Package luatex.def Info: assets/Symbole_carré-UdeM.png  used on input line 334
.
(luatex.def)             Requested size: 15.99905pt x 16.0pt.
 [22]
File: assets/Symbole_carré-UdeM.png Graphic file (type png)
<use assets/Symbole_carré-UdeM.png>
Package luatex.def Info: assets/Symbole_carré-UdeM.png  used on input line 353
.
(luatex.def)             Requested size: 15.99905pt x 16.0pt.
 [23]
Overfull \hbox (24.09924pt too wide) in paragraph at lines 370--373
\TU/Palatino(0)/b/n/12 Affiliation: \TU/Palatino(0)/m/n/12 Uni-ver-sity of Wa-te
r-loo, Wa-ter-loo Cen-tre for As-tro-physics · Stu-dent (BSc/MSc/PhD) 
 []

File: assets/Symbole_carré-UdeM.png Graphic file (type png)
<use assets/Symbole_carré-UdeM.png>
Package luatex.def Info: assets/Symbole_carré-UdeM.png  used on input line 373
.
(luatex.def)             Requested size: 15.99905pt x 16.0pt.
[24]
File: assets/Symbole_carré-UdeM.png Graphic file (type png)
<use assets/Symbole_carré-UdeM.png>
Package luatex.def Info: assets/Symbole_carré-UdeM.png  used on input line 395
.
(luatex.def)             Requested size: 15.99905pt x 16.0pt.
 [25]
Underfull \hbox (badness 10000) in paragraph at lines 407--408

 []

File: assets/Symbole_carré-UdeM.png Graphic file (type png)
<use assets/Symbole_carré-UdeM.png>
Package luatex.def Info: assets/Symbole_carré-UdeM.png  used on input line 412
.
(luatex.def)             Requested size: 15.99905pt x 16.0pt.
[26]
Underfull \hbox (badness 10000) in paragraph at lines 417--418

 []

File: assets/Symbole_carré-UdeM.png Graphic file (type png)
<use assets/Symbole_carré-UdeM.png>
Package luatex.def Info: assets/Symbole_carré-UdeM.png  used on input line 428
.
(luatex.def)             Requested size: 15.99905pt x 16.0pt.
[27]
File: assets/Symbole_carré-UdeM.png Graphic file (type png)
<use assets/Symbole_carré-UdeM.png>
Package luatex.def Info: assets/Symbole_carré-UdeM.png  used on input line 446
.
(luatex.def)             Requested size: 15.99905pt x 16.0pt.
 [28]
File: assets/Symbole_carré-UdeM.png Graphic file (type png)
<use assets/Symbole_carré-UdeM.png>
Package luatex.def Info: assets/Symbole_carré-UdeM.png  used on input line 458
.
(luatex.def)             Requested size: 15.99905pt x 16.0pt.
 [29]
File: assets/Symbole_carré-UdeM.png Graphic file (type png)
<use assets/Symbole_carré-UdeM.png>
Package luatex.def Info: assets/Symbole_carré-UdeM.png  used on input line 474
.
(luatex.def)             Requested size: 15.99905pt x 16.0pt.
 [30]
File: assets/Symbole_carré-UdeM.png Graphic file (type png)
<use assets/Symbole_carré-UdeM.png>
Package luatex.def Info: assets/Symbole_carré-UdeM.png  used on input line 490
.
(luatex.def)             Requested size: 15.99905pt x 16.0pt.
 [31]
File: assets/Symbole_carré-UdeM.png Graphic file (type png)
<use assets/Symbole_carré-UdeM.png>
Package luatex.def Info: assets/Symbole_carré-UdeM.png  used on input line 510
.
(luatex.def)             Requested size: 15.99905pt x 16.0pt.
 [32]
File: assets/Symbole_carré-UdeM.png Graphic file (type png)
<use assets/Symbole_carré-UdeM.png>
Package luatex.def Info: assets/Symbole_carré-UdeM.png  used on input line 531
.
(luatex.def)             Requested size: 15.99905pt x 16.0pt.
 [33]
File: assets/Symbole_carré-UdeM.png Graphic file (type png)
<use assets/Symbole_carré-UdeM.png>
Package luatex.def Info: assets/Symbole_carré-UdeM.png  used on input line 551
.
(luatex.def)             Requested size: 15.99905pt x 16.0pt.
 [34])
File: assets/Symbole_carré-UdeM.png Graphic file (type png)
<use assets/Symbole_carré-UdeM.png>
Package luatex.def Info: assets/Symbole_carré-UdeM.png  used on input line 382
.
(luatex.def)             Requested size: 15.99905pt x 16.0pt.
 [35] (./smbh_main.aux)
 ***********
LaTeX2e <2025-11-01>
L3 programming layer <2026-03-20>
 ***********
Package rerunfilecheck Info: File `smbh_main.out' has not changed.
(rerunfilecheck)             Checksum: 697B6272F9E3E17D32A8D0424C2BA6FD;4921.
)

Here is how much of LuaTeX's memory you used:
 15548 strings out of 475900
 125056,953878 words of node,token memory allocated
 1079 words of node memory still in use:
   4 hlist, 1 vlist, 1 rule, 1 local_par, 5 glue, 3 kern, 1 penalty, 3 glyph, 54
 attribute, 74 glue_spec, 54 attribute_list, 1 write, 47 pdf_action, 2 pdf_color
stack nodes
   avail lists: 1:1,2:1485,3:389,4:556,5:490,6:121,7:9353,8:1,9:1501,10:28,11:80
9
 37566 multiletter control sequences out of 65536+600000
 67 fonts using 11012111 bytes
 73i,14n,92p,2386b,630s stack positions out of 10000i,1000n,20000p,200000b,200000s
</System/Library/Fonts/Avenir Next.ttc></System/Library/Fonts/Palatino.ttc></Sys
tem/Library/Fonts/Palatino.ttc></System/Library/Fonts/Palatino.ttc></System/Libr
ary/Fonts/Avenir Next.ttc></System/Library/Fonts/Avenir Next.ttc></usr/local/tex
live/2026basic/texmf-dist/fonts/type1/public/amsfonts/latxfont/lcircle1.pfb>
Output written on smbh_main.pdf (37 pages, 249541 bytes).

PDF statistics: 603 PDF objects out of 1000 (max. 8388607)
 538 compressed objects within 6 object streams
 243 named destinations out of 1000 (max. 1048576)
 129 words of extra memory for PDF output out of 10000 (max. 100000000)

